[2025-06-07 14:12:15,100] 54 datasets - INFO - PyTorch version 2.7.1 available.
[2025-06-07 14:12:23,305] 211 sentence_transformers.SentenceTransformer - INFO - Use pytorch device_name: mps
[2025-06-07 14:12:23,305] 219 sentence_transformers.SentenceTransformer - INFO - Load pretrained SentenceTransformer: all-MiniLM-L6-v2
[2025-06-07 14:12:29,646] 17 root - INFO - üöÄ Starting Resume Classification Pipeline
[2025-06-07 14:12:29,646] 23 root - INFO - üì• Step 1: Data Ingestion
[2025-06-07 14:12:29,646] 24 root - INFO - üì• Entered the data ingestion method
[2025-06-07 14:12:30,101] 32 root - INFO - ‚úÖ Loaded data: 2484 rows, 4 columns
[2025-06-07 14:12:30,104] 45 root - INFO - üîç Sample data:
[{'ID': 16852973, 'Resume_str': "         HR ADMINISTRATOR/MARKETING ASSOCIATE\n\nHR ADMINISTRATOR       Summary     Dedicated Customer Service Manager with 15+ years of experience in Hospitality and Customer Service Management.   Respected builder and leader of customer-focused teams; strives to instill a shared, enthusiastic commitment to customer service.         Highlights         Focused on customer satisfaction  Team management  Marketing savvy  Conflict resolution techniques     Training and development  Skilled multi-tasker  Client relations specialist           Accomplishments      Missouri DOT Supervisor Training Certification  Certified by IHG in Customer Loyalty and Marketing by Segment   Hilton Worldwide General Manager Training Certification  Accomplished Trainer for cross server hospitality systems such as    Hilton OnQ  ,   Micros    Opera PMS   , Fidelio    OPERA    Reservation System (ORS) ,   Holidex    Completed courses and seminars in customer service, sales strategies, inventory control, loss prevention, safety, time management, leadership and performance assessment.        Experience      HR Administrator/Marketing Associate\n\nHR Administrator     Dec 2013   to   Current      Company Name   Ôºç   City  ,   State     Helps to develop policies, directs and coordinates activities such as employment, compensation, labor relations, benefits, training, and employee services.  Prepares employee separation notices and related documentation  Keeps records of benefits plans participation such as insurance and pension plan, personnel transactions such as hires, promotions, transfers, performance reviews, and terminations, and employee statistics for government reporting.  Advises management in appropriate resolution of employee relations issues.  Administers benefits programs such as life, health, dental, insurance, pension plans, vacation, sick leave, leave of absence, and employee assistance.     Marketing Associate \xa0   Designed and created marketing collateral for sales meetings, trade shows and company executives.  Managed the in-house advertising program consisting of print and media collateral pieces.  Assisted in the complete design and launch of the company's website in 2 months.  Created an official company page on Facebook to facilitate interaction with customers.  Analyzed ratings and programming features of competitors to evaluate the effectiveness of marketing strategies.         Advanced Medical Claims Analyst     Mar 2012   to   Dec 2013      Company Name   Ôºç   City  ,   State     Reviewed medical bills for the accuracy of the treatments, tests, and hospital stays prior to sanctioning the claims.  Trained to interpret the codes (ICD-9, CPT) and terminology commonly used in medical billing to fully understand the paperwork that is submitted by healthcare providers.  Required to have organizational and analytical skills as well as computer skills, knowledge of medical terminology and procedures, statistics, billing standards, data analysis and laws regarding medical billing.         Assistant General Manager     Jun 2010   to   Dec 2010      Company Name   Ôºç   City  ,   State     Performed duties including but not limited to, budgeting and financial management, accounting, human resources, payroll and purchasing.  Established and maintained close working relationships with all departments of the hotel to ensure maximum operation, productivity, morale and guest service.  Handled daily operations and reported directly to the corporate office.  Hired and trained staff on overall objectives and goals with an emphasis on high customer service.  Marketing and Advertising, working on public relations with the media, government and local businesses and Chamber of Commerce.         Executive Support / Marketing Assistant     Jul 2007   to   Jun 2010      Company Name   Ôºç   City  ,   State     Provided assistance to various department heads - Executive, Marketing, Customer Service, Human Resources.  Managed front-end operations to ensure friendly and efficient transactions.  Ensured the swift resolution of customer issues to preserve customer loyalty while complying with company policies.  Exemplified the second-to-none customer service delivery in all interactions with customers and potential clients.         Reservation & Front Office Manager     Jun 2004   to   Jul 2007      Company Name   Ôºç   City  ,   State          Owner/ Partner     Dec 2001   to   May 2004      Company Name   Ôºç   City  ,   State          Price Integrity Coordinator     Aug 1999   to   Dec 2001      Company Name   Ôºç   City  ,   State          Education      N/A  ,   Business Administration   1999     Jefferson College   Ôºç   City  ,   State       Business Administration  Marketing / Advertising         High School Diploma  ,   College Prep. studies   1998     Sainte Genevieve Senior High   Ôºç   City  ,   State       Awarded American Shrubel Leadership Scholarship to Jefferson College         Skills     Accounting, ads, advertising, analytical skills, benefits, billing, budgeting, clients, Customer Service, data analysis, delivery, documentation, employee relations, financial management, government relations, Human Resources, insurance, labor relations, layout, Marketing, marketing collateral, medical billing, medical terminology, office, organizational, payroll, performance reviews, personnel, policies, posters, presentations, public relations, purchasing, reporting, statistics, website.    ", 'Resume_html': '<div class="fontsize fontface vmargins hmargins linespacing pagesize" id="document"> <div class="section firstsection" id="SECTION_NAME500375979" style="\n      padding-top:0px;\n    "> <div class="paragraph PARAGRAPH_NAME firstparagraph" id="PARAGRAPH_500375979_1_326506904" style="\n      padding-top:0px;\n    "> <div class="name" itemprop="name"> <span class="field fName" id="500375979FNAM1"> </span> <span> </span> <span class="field" id="500375979LNAM1"> HR ADMINISTRATOR/MARKETING ASSOCIATE\n\nHR ADMINISTRATOR</span> </div> </div> </div> <div class="section" id="SECTION_SUMM500375981" style="\n      padding-top:0px;\n    "> <div class="heading bottomborder"> <div class="sectiontitle" id="SECTNAME_SUMM500375981"> Summary</div> </div> <div class="paragraph firstparagraph" id="PARAGRAPH_500375981_1_326506917" style="\n      padding-top:0px;\n    "> <div class="field singlecolumn" id="500375981FRFM1"> <p align="LEFT"> Dedicated Customer Service Manager with 15+ years of experience in Hospitality and Customer Service Management. </p> <p align="LEFT"> Respected builder and leader of customer-focused teams; strives to instill a shared, enthusiastic commitment to customer service.  </p> </div> </div> </div> <div class="section" id="SECTION_HILT500375982" style="\n      padding-top:0px;\n    "> <div class="heading bottomborder"> <div class="sectiontitle" id="SECTNAME_HILT500375982"> Highlights</div> </div> <div class="paragraph firstparagraph" id="PARAGRAPH_500375982_1_326509244" style="\n      padding-top:0px;\n    "> <div class="singlecolumn maincolumn"> <table class="twocol"> <tbody> <tr> <td class="field twocol_1" id="500375982SKC11"> <p align="CENTER"> Focused on customer satisfaction</p> <p align="CENTER"> Team management</p> <p align="CENTER"> Marketing savvy</p> <p align="CENTER"> Conflict resolution techniques</p> <br/> </td> <td class="field twocol_2" id="500375982SKC21"> <p align="CENTER"> Training and development</p> <p align="CENTER"> Skilled multi-tasker</p> <p align="CENTER"> Client relations specialist</p> </td> </tr> </tbody> </table> </div> </div> </div> <div class="section" id="SECTION_ACCM500375993" style="\n      padding-top:0px;\n    "> <div class="heading bottomborder"> <div class="sectiontitle" id="SECTNAME_ACCM500375993"> Accomplishments</div> </div> <div class="paragraph firstparagraph" id="PARAGRAPH_500375993_1_326506914" style="\n      padding-top:0px;\n    "> <div class="field singlecolumn" id="500375993FRFM1"> <ul> <li> Missouri DOT Supervisor Training Certification</li> <li> Certified by IHG in Customer Loyalty and Marketing by Segment </li> <li> Hilton Worldwide General Manager Training Certification</li> <li> Accomplished Trainer for cross server hospitality systems such as  <b> <u> Hilton OnQ</u> </b> ,  <u> Micros </u> <b> <u> Opera PMS</u> </b> <u> , Fidelio </u> <b> <u> OPERA</u> </b> <u>  Reservation System (ORS)</u> , <b> <u> Holidex</u> </b> </li> <li> Completed courses and seminars in customer service, sales strategies, inventory control, loss prevention, safety, time management, leadership and performance assessment.</li> </ul> </div> </div> </div> <div class="section" id="SECTION_EXPR500375983" style="\n      padding-top:0px;\n    "> <div class="heading bottomborder"> <div class="sectiontitle" id="SECTNAME_EXPR500375983"> Experience</div> </div> <div class="paragraph firstparagraph" id="PARAGRAPH_500375983_1_326506906" itemscope="" itemtype="https://schema.org/Organization" style="\n      padding-top:0px;\n    "> <div class="singlecolumn"> <span class="paddedline"> <span class="jobtitle" id="500375983JTIT1"> HR Administrator/Marketing Associate\n\nHR Administrator</span> <span> </span> <span class="datesWrapper"> <span class="jobdates" format="%b %Y" id="500375983JSTD1"> Dec 2013</span> <span>  to </span> <span class="jobdates" format="%b %Y" id="500375983EDDT1"> Current</span> <br/> </span> </span> <span class="paddedline" itemscope="" itemtype="https://schema.org/postalAddress"> <span class="companyname" id="500375983COMP1" itemprop="name"> Company Name</span> <span>  Ôºç </span> <span class="joblocation jobcity" id="500375983JCIT1" itemprop="addressLocality"> City</span> <span> , </span> <span class="joblocation jobstate" id="500375983JSTA1" itemprop="addressRegion"> State</span> </span> <span class="jobline" id="500375983JDES1" itemprop="description"> <ul> <li> Helps to develop policies, directs and coordinates activities such as employment, compensation, labor relations, benefits, training, and employee services.</li> <li> Prepares employee separation notices and related documentation</li> <li> Keeps records of benefits plans participation such as insurance and pension plan, personnel transactions such as hires, promotions, transfers, performance reviews, and terminations, and employee statistics for government reporting.</li> <li> Advises management in appropriate resolution of employee relations issues.</li> <li> Administers benefits programs such as life, health, dental, insurance, pension plans, vacation, sick leave, leave of absence, and employee assistance.</li> </ul> <br/> <p align="LEFT"> <b> Marketing Associate</b> \xa0</p> <ul> <li> Designed and created marketing collateral for sales meetings, trade shows and company executives.</li> <li> Managed the in-house advertising program consisting of print and media collateral pieces.</li> <li> Assisted in the complete design and launch of the company\'s website in 2 months.</li> <li> Created an official company page on Facebook to facilitate interaction with customers.</li> <li> Analyzed ratings and programming features of competitors to evaluate the effectiveness of marketing strategies.</li> </ul> </span> </div> </div> <div class="paragraph" id="PARAGRAPH_500375983_2_326506907" itemscope="" itemtype="https://schema.org/Organization" style="\n      padding-top:10px;\n    "> <div class="singlecolumn"> <span class="paddedline"> <span class="jobtitle" id="500375983JTIT2"> Advanced Medical Claims Analyst</span> <span> </span> <span class="datesWrapper"> <span class="jobdates" format="%b %Y" id="500375983JSTD2"> Mar 2012</span> <span>  to </span> <span class="jobdates" format="%b %Y" id="500375983EDDT2"> Dec 2013</span> <br/> </span> </span> <span class="paddedline" itemscope="" itemtype="https://schema.org/postalAddress"> <span class="companyname" id="500375983COMP2" itemprop="name"> Company Name</span> <span>  Ôºç </span> <span class="joblocation jobcity" id="500375983JCIT2" itemprop="addressLocality"> City</span> <span> , </span> <span class="joblocation jobstate" id="500375983JSTA2" itemprop="addressRegion"> State</span> </span> <span class="jobline" id="500375983JDES2" itemprop="description"> <ul> <li> Reviewed medical bills for the accuracy of the treatments, tests, and hospital stays prior to sanctioning the claims.</li> <li> Trained to interpret the codes (ICD-9, CPT) and terminology commonly used in medical billing to fully understand the paperwork that is submitted by healthcare providers.</li> <li> Required to have organizational and analytical skills as well as computer skills, knowledge of medical terminology and procedures, statistics, billing standards, data analysis and laws regarding medical billing.</li> </ul> </span> </div> </div> <div class="paragraph" id="PARAGRAPH_500375983_3_326506908" itemscope="" itemtype="https://schema.org/Organization" style="\n      padding-top:15px;\n    "> <div class="singlecolumn"> <span class="paddedline"> <span class="jobtitle" id="500375983JTIT3"> Assistant General Manager</span> <span> </span> <span class="datesWrapper"> <span class="jobdates" format="%b %Y" id="500375983JSTD3"> Jun 2010</span> <span>  to </span> <span class="jobdates" format="%b %Y" id="500375983EDDT3"> Dec 2010</span> <br/> </span> </span> <span class="paddedline" itemscope="" itemtype="https://schema.org/postalAddress"> <span class="companyname" id="500375983COMP3" itemprop="name"> Company Name</span> <span>  Ôºç </span> <span class="joblocation jobcity" id="500375983JCIT3" itemprop="addressLocality"> City</span> <span> , </span> <span class="joblocation jobstate" id="500375983JSTA3" itemprop="addressRegion"> State</span> </span> <span class="jobline" id="500375983JDES3" itemprop="description"> <ul> <li> Performed duties including but not limited to, budgeting and financial management, accounting, human resources, payroll and purchasing.</li> <li> Established and maintained close working relationships with all departments of the hotel to ensure maximum operation, productivity, morale and guest service.</li> <li> Handled daily operations and reported directly to the corporate office.</li> <li> Hired and trained staff on overall objectives and goals with an emphasis on high customer service.</li> <li> Marketing and Advertising, working on public relations with the media, government and local businesses and Chamber of Commerce.</li> </ul> </span> </div> </div> <div class="paragraph" id="PARAGRAPH_500375983_4_326506910" itemscope="" itemtype="https://schema.org/Organization" style="\n      padding-top:5px;\n    "> <div class="singlecolumn"> <span class="paddedline"> <span class="jobtitle" id="500375983JTIT4"> Executive Support / Marketing Assistant</span> <span> </span> <span class="datesWrapper"> <span class="jobdates" format="%b %Y" id="500375983JSTD4"> Jul 2007</span> <span>  to </span> <span class="jobdates" format="%b %Y" id="500375983EDDT4"> Jun 2010</span> <br/> </span> </span> <span class="paddedline" itemscope="" itemtype="https://schema.org/postalAddress"> <span class="companyname" id="500375983COMP4" itemprop="name"> Company Name</span> <span>  Ôºç </span> <span class="joblocation jobcity" id="500375983JCIT4" itemprop="addressLocality"> City</span> <span> , </span> <span class="joblocation jobstate" id="500375983JSTA4" itemprop="addressRegion"> State</span> </span> <span class="jobline" id="500375983JDES4" itemprop="description"> <ul> <li> Provided assistance to various department heads - Executive, Marketing, Customer Service, Human Resources.</li> <li> Managed front-end operations to ensure friendly and efficient transactions.</li> <li> Ensured the swift resolution of customer issues to preserve customer loyalty while complying with company policies.</li> <li> Exemplified the second-to-none customer service delivery in all interactions with customers and potential clients.</li> </ul> </span> </div> </div> <div class="paragraph" id="PARAGRAPH_500375983_5_326506911" itemscope="" itemtype="https://schema.org/Organization" style="\n      padding-top:10px;\n    "> <div class="singlecolumn"> <span class="paddedline"> <span class="jobtitle" id="500375983JTIT5"> Reservation &amp; Front Office Manager</span> <span> </span> <span class="datesWrapper"> <span class="jobdates" format="%b %Y" id="500375983JSTD5"> Jun 2004</span> <span>  to </span> <span class="jobdates" format="%b %Y" id="500375983EDDT5"> Jul 2007</span> <br/> </span> </span> <span class="paddedline" itemscope="" itemtype="https://schema.org/postalAddress"> <span class="companyname" id="500375983COMP5" itemprop="name"> Company Name</span> <span>  Ôºç </span> <span class="joblocation jobcity" id="500375983JCIT5" itemprop="addressLocality"> City</span> <span> , </span> <span class="joblocation jobstate" id="500375983JSTA5" itemprop="addressRegion"> State</span> </span> <span class="jobline" id="500375983JDES5" itemprop="description"> </span> </div> </div> <div class="paragraph" id="PARAGRAPH_500375983_6_326506912" itemscope="" itemtype="https://schema.org/Organization" style="\n      padding-top:10px;\n    "> <div class="singlecolumn"> <span class="paddedline"> <span class="jobtitle" id="500375983JTIT6"> Owner/ Partner</span> <span> </span> <span class="datesWrapper"> <span class="jobdates" format="%b %Y" id="500375983JSTD6"> Dec 2001</span> <span>  to </span> <span class="jobdates" format="%b %Y" id="500375983EDDT6"> May 2004</span> <br/> </span> </span> <span class="paddedline" itemscope="" itemtype="https://schema.org/postalAddress"> <span class="companyname" id="500375983COMP6" itemprop="name"> Company Name</span> <span>  Ôºç </span> <span class="joblocation jobcity" id="500375983JCIT6" itemprop="addressLocality"> City</span> <span> , </span> <span class="joblocation jobstate" id="500375983JSTA6" itemprop="addressRegion"> State</span> </span> <span class="jobline" id="500375983JDES6" itemprop="description"> </span> </div> </div> <div class="paragraph" id="PARAGRAPH_500375983_7_326506913" itemscope="" itemtype="https://schema.org/Organization" style="\n      padding-top:10px;\n    "> <div class="singlecolumn"> <span class="paddedline"> <span class="jobtitle" id="500375983JTIT7"> Price Integrity Coordinator</span> <span> </span> <span class="datesWrapper"> <span class="jobdates" format="%b %Y" id="500375983JSTD7"> Aug 1999</span> <span>  to </span> <span class="jobdates" format="%b %Y" id="500375983EDDT7"> Dec 2001</span> <br/> </span> </span> <span class="paddedline" itemscope="" itemtype="https://schema.org/postalAddress"> <span class="companyname" id="500375983COMP7" itemprop="name"> Company Name</span> <span>  Ôºç </span> <span class="joblocation jobcity" id="500375983JCIT7" itemprop="addressLocality"> City</span> <span> , </span> <span class="joblocation jobstate" id="500375983JSTA7" itemprop="addressRegion"> State</span> </span> <span class="jobline" id="500375983JDES7" itemprop="description"> </span> </div> </div> </div> <div class="section" id="SECTION_EDUC500400498" style="\n      padding-top:0px;\n    "> <div class="heading bottomborder"> <div class="sectiontitle" id="SECTNAME_EDUC500400498"> Education</div> </div> <div class="paragraph firstparagraph" id="PARAGRAPH_500400498_1_326523310" itemscope="" itemtype="https://schema.org/EducationalOrganization" style="\n      padding-top:0px;\n    "> <div class="singlecolumn"> <span class="paddedline" itemprop="description"> <span class="degree" id="500400498DGRE1" itemprop="name"> N/A</span> <span> , </span> <span class="programline" id="500400498STUY1"> Business Administration</span> <span class="datesWrapper"> <span class="jobdates" id="500400498GRYR1"> 1999</span> </span> </span> <span class="paddedline"> <span class="companyname companyname_educ" id="500400498SCHO1" itemprop="name"> Jefferson College</span> <span>  Ôºç </span> <span class="joblocation jobcity" id="500400498SCIT1"> City</span> <span> , </span> <span class="joblocation jobstate" id="500400498SSTA1"> State</span> <span class="joblocation jobstate" id="500400498SCNT1"> </span> </span> <span class="field" id="500400498FRFM1"> <ul> <li> Business Administration</li> <li> Marketing / Advertising</li> </ul> </span> </div> </div> <div class="paragraph" id="PARAGRAPH_500400498_2_326522471" itemscope="" itemtype="https://schema.org/EducationalOrganization" style="\n      padding-top:0px;\n    "> <div class="singlecolumn"> <span class="paddedline" itemprop="description"> <span class="degree" id="500400498DGRE2" itemprop="name"> High School Diploma</span> <span> , </span> <span class="programline" id="500400498STUY2"> College Prep. studies</span> <span class="datesWrapper"> <span class="jobdates" id="500400498GRYR2"> 1998</span> </span> </span> <span class="paddedline"> <span class="companyname companyname_educ" id="500400498SCHO2" itemprop="name"> Sainte Genevieve Senior High</span> <span>  Ôºç </span> <span class="joblocation jobcity" id="500400498SCIT2"> City</span> <span> , </span> <span class="joblocation jobstate" id="500400498SSTA2"> State</span> <span class="joblocation jobstate" id="500400498SCNT2"> </span> </span> <span class="field" id="500400498FRFM2"> <ul> <li> Awarded American Shrubel Leadership Scholarship to Jefferson College</li> </ul> </span> </div> </div> </div> <div class="section" id="SECTION_SKLL500375994" style="\n      padding-top:0px;\n    "> <div class="heading bottomborder"> <div class="sectiontitle" id="SECTNAME_SKLL500375994"> Skills</div> </div> <div class="paragraph firstparagraph" id="PARAGRAPH_500375994_1_326506918" style="\n      padding-top:0px;\n    "> <div class="field singlecolumn" id="500375994FRFM1"> <p align="LEFT"> Accounting, ads, advertising, analytical skills, benefits, billing, budgeting, clients, Customer Service, data analysis, delivery, documentation, employee relations, financial management, government relations, Human Resources, insurance, labor relations, layout, Marketing, marketing collateral, medical billing, medical terminology, office, organizational, payroll, performance reviews, personnel, policies, posters, presentations, public relations, purchasing, reporting, statistics, website.</p> </div> </div> </div> </div>', 'Category': 'HR'}, {'ID': 22323967, 'Resume_str': "         HR SPECIALIST, US HR OPERATIONS       Summary     Versatile  media professional with background in Communications, Marketing, Human Resources and Technology.\xa0        Experience     09/2015   to   Current     HR Specialist, US HR Operations    Company Name   Ôºç   City  ,   State       Managed communication regarding launch of Operations group, policy changes and system outages      Designed standard work and job aids to create comprehensive training program for new employees and contractors         Audited job postings for old, pending, on-hold and draft positions.           Audited union hourly, non-union hourly and salary background checks and drug screens             Conducted monthly new hire benefits briefing to new employees across all business units               Served as a link between HR Managers and vendors by handling questions and resolving system-related issues         Provide real-time process improvement feedback on key metrics and initiatives  Successfully re-branded US HR Operations SharePoint site  Business Unit project manager for RFI/RFP on Background Check and Drug Screen vendor         01/2014   to   05/2015     IT, Marketing and Communications Co-op    Company Name   Ôºç   City  ,   State      Posted new articles, changes and updates to corporate SharePoint site including graphics and visual communications.  Researched and drafted articles and feature stories to promote company activities and programs.  Co-edited and developed content for quarterly published newsletter.  Provided communication support for internal and external events.  Collaborated with Communication team, media professionals and vendors to determine program needs for print materials, web design and digital communications.  Entrusted to lead product, service and software launches for Digital Asset Management tool, Marketing Toolkit website and Executive Tradeshows Calendar.  Created presentations for management and executive approval to ensure alignment with corporate guidelines and branding.  Maintained the MySikorsky SharePoint site and provided timely solutions to mitigate issues.\xa0\xa0\xa0\xa0  Created story board and produced video for annual IT All Hands meeting.         10/2012   to   01/2014     Relationship Coordinator/Marketing Specialist    Company Name   Ôºç   City  ,   State       Partnered with vendor to manage the in-house advertising program consisting of print and media collateral pieces.     Coordinated pre-show and post-show activities at trade shows.     Managed marketing campaigns to generate new business and to support partner and sales teams.     Ordered marketing collateral for meetings, trade shows and advisors.    Improved, administered and modified marketing programs to increase product awareness.  Assisted in preparing internal promotional publications, managed marketing material inventory and supervised distribution of publications to ensure high quality product output.  Coordinated marketing materials including brochures, promotional materials and products.  Partnered with graphic designers to develop appropriate materials and branding for brochures.  Used tracking and reporting systems for sales leads and appointments.         09/2009   to   10/2012     Assistant Head Teller    Company Name   Ôºç   City  ,   State       Received an internal audit score of  100 %.     Performed daily and monthly audits of ATM machines and tellers.     Educated customers on a variety of retail products and available credit options.       Consistently met or exceeded quarterly sales goals     Promoted products and services to\ncustomers while maintaining company brand identity\n\n¬∑\xa0\xa0\xa0\xa0\n  Implemented programs to achieve\nand exceed customer and company participation goals\xa0\n\n\xa0  Organized company sponsored events on campus resulting in increased\nbrand awareness\n\n¬∑\xa0\xa0\xa0\xa0\n  Coached peers on\nthe proper use of programs to improve work flow efficiency  Utilized product knowledge to successfully sell\nto and refer clients based on individual needs  Promoted marketing the grand opening\nof new branch locations to strengthen company brand affinity\n\n¬∑\xa0\xa0\xa0\xa0   Organized company sponsored events\nresulting in increased brand awareness and improved sales\n\n¬∑\xa0\xa0\xa0\xa0   Coached peers on the proper use of\nprograms to increase work flow efficiency\n\n          Senior Producer - 2014 SHU Media Exchange    Company Name   Ôºç   City  ,   State      Planned and executed event\xa0focusing on Connecticut's creative corridor, growth of industry and opportunities that come with development. A\xa0 panel of industry professionals addressed topics related to media and hosted a question and answer session for approximately 110 attendees. Following the forum, guests were invited to engage in networking and conversation at a post-event reception.         Education     2014     Master of Arts  :   Corporate Communication & Public Relations    Sacred Heart University   Ôºç   City  ,   State             2013     Bachelor of Arts  :   Relational Communication    Western Connecticut State University   Ôºç   City  ,   State              Skills    Adobe Photoshop, ADP, Asset Management, branding, brochures, content, Customer Care, Final Cut Pro, graphics, graphic, HR, Illustrator, InDesign, Innovation, inventory, Lotus Notes, marketing, marketing materials, marketing material, materials, Microsoft Office, SharePoint, newsletter, presentations, process improvement, Project Management, promotional materials, publications, Quality, real-time, Recruitment, reporting, RFP, sales, stories, Employee Development, video, web design, website, articles   ", 'Resume_html': '<div class="fontsize fontface vmargins hmargins linespacing pagesize" id="document"> <div class="section firstsection" id="SECTION_NAME911808366" style="padding-top:0px;"> <div class="paragraph PARAGRAPH_NAME firstparagraph" id="PARAGRAPH_911808366_1_598530989" style="padding-top:0px;"> <div class="name thinbottomborder" itemprop="name"> <span class="field fName" id="911808366FNAM1"> </span> <span> </span> <span class="field" id="911808366LNAM1"> HR SPECIALIST, US HR OPERATIONS</span> </div> </div> </div> <div class="section" id="SECTION_SUMM911808372" style="padding-top:0px;"> <div class="heading"> <div class="sectiontitle" id="SECTNAME_SUMM911808372"> Summary</div> </div> <div class="paragraph firstparagraph" id="PARAGRAPH_911808372_1_598532134" style="padding-top:0px;"> <div class="field singlecolumn noPind" id="911808372FRFM1"> <span class=""> Versatile <font color="#000" style="color: rgb(0, 0, 0);"> media professional with background in Communications, Marketing, Human Resources and Technology.\xa0</font> </span> </div> </div> </div> <div class="section" id="SECTION_EXPR911808368" style="padding-top:0px;"> <div class="heading"> <div class="sectiontitle" id="SECTNAME_EXPR911808368"> Experience</div> </div> <div class="paragraph firstparagraph" id="PARAGRAPH_911808368_1_598530991" itemscope="" itemtype="https://schema.org/Organization" style="padding-top:0px;"> <span class="dates_wrapper"> <span class="jobdates" format="%m/%Y" id="911808368JSTD1"> 09/2015</span> <span>  to </span> <span class="jobdates" format="%m/%Y" id="911808368EDDT1"> Current</span> </span> <div class="singlecolumn"> <span class="paddedline"> <span class="jobtitle" id="911808368JTIT1"> HR Specialist, US HR Operations</span> </span> <span class="paddedline" itemscope="" itemtype="https://schema.org/postalAddress"> <span class="companyname" id="911808368COMP1" itemprop="name"> Company Name</span> <span>  Ôºç </span> <span class="joblocation jobcity" id="911808368JCIT1" itemprop="addressLocality"> City</span> <span> , </span> <span class="joblocation jobstate" id="911808368JSTA1" itemprop="addressRegion"> State</span> </span> <span class="paddedline"> <span class="jobline" id="911808368JDES1" itemprop="description"> <ul> <li> <span class=""> Managed communication regarding launch of Operations group, policy changes and system outages</span> </li> <li> <span class=""> <span class=""> <span class=""> Designed standard work and job aids to create comprehensive training program for new employees and contractors</span> </span> </span> </li> <li> <span class=""> <span class=""> <span class=""> <span class=""> Audited job postings for old, pending, on-hold and draft positions.</span> </span> </span> </span> </li> <li> <span class=""> <span class=""> <span class=""> <span class=""> <span class=""> Audited union hourly, non-union hourly and salary background checks and drug screens</span> </span> </span> </span> </span> </li> <li> <span class=""> <span class=""> <span class=""> <span class=""> <span class=""> <span class=""> Conducted monthly new hire benefits briefing to new employees across all business units</span> </span> </span> </span> </span> </span> </li> <li> <span class=""> <span class=""> <span class=""> <span class=""> <span class=""> <span class=""> <span class=""> Served as a link between HR Managers and vendors by handling questions and resolving system-related issues</span> </span> </span> </span> </span> </span> </span> </li> <li> Provide real-time process improvement feedback on key metrics and initiatives</li> <li> Successfully re-branded US HR Operations SharePoint site</li> <li> Business Unit project manager for RFI/RFP on Background Check and Drug Screen vendor</li> </ul> </span> </span> </div> </div> <div class="paragraph" id="PARAGRAPH_911808368_2_598530992" itemscope="" itemtype="https://schema.org/Organization" style="padding-top:0px;"> <span class="dates_wrapper"> <span class="jobdates" format="%m/%Y" id="911808368JSTD2"> 01/2014</span> <span>  to </span> <span class="jobdates" format="%m/%Y" id="911808368EDDT2"> 05/2015</span> </span> <div class="singlecolumn"> <span class="paddedline"> <span class="jobtitle" id="911808368JTIT2"> IT, Marketing and Communications Co-op</span> </span> <span class="paddedline" itemscope="" itemtype="https://schema.org/postalAddress"> <span class="companyname" id="911808368COMP2" itemprop="name"> Company Name</span> <span>  Ôºç </span> <span class="joblocation jobcity" id="911808368JCIT2" itemprop="addressLocality"> City</span> <span> , </span> <span class="joblocation jobstate" id="911808368JSTA2" itemprop="addressRegion"> State</span> </span> <span class="paddedline"> <span class="jobline" id="911808368JDES2" itemprop="description"> <ul> <li> Posted new articles, changes and updates to corporate SharePoint site including graphics and visual communications.</li> <li> Researched and drafted articles and feature stories to promote company activities and programs.</li> <li> Co-edited and developed content for quarterly published newsletter.</li> <li> Provided communication support for internal and external events.</li> <li> Collaborated with Communication team, media professionals and vendors to determine program needs for print materials, web design and digital communications.</li> <li> Entrusted to lead product, service and software launches for Digital Asset Management tool, Marketing Toolkit website and Executive Tradeshows Calendar.</li> <li> Created presentations for management and executive approval to ensure alignment with corporate guidelines and branding.</li> <li> Maintained the MySikorsky SharePoint site and provided timely solutions to mitigate issues.\xa0\xa0\xa0\xa0</li> <li> Created story board and produced video for annual IT All Hands meeting.</li> </ul> </span> </span> </div> </div> <div class="paragraph" id="PARAGRAPH_911808368_3_598530994" itemscope="" itemtype="https://schema.org/Organization" style="padding-top:0px;"> <span class="dates_wrapper"> <span class="jobdates" format="%m/%Y" id="911808368JSTD3"> 10/2012</span> <span>  to </span> <span class="jobdates" format="%m/%Y" id="911808368EDDT3"> 01/2014</span> </span> <div class="singlecolumn"> <span class="paddedline"> <span class="jobtitle" id="911808368JTIT3"> Relationship Coordinator/Marketing Specialist</span> </span> <span class="paddedline" itemscope="" itemtype="https://schema.org/postalAddress"> <span class="companyname" id="911808368COMP3" itemprop="name"> Company Name</span> <span>  Ôºç </span> <span class="joblocation jobcity" id="911808368JCIT3" itemprop="addressLocality"> City</span> <span> , </span> <span class="joblocation jobstate" id="911808368JSTA3" itemprop="addressRegion"> State</span> </span> <span class="paddedline"> <span class="jobline" id="911808368JDES3" itemprop="description"> <ul> <li> <span class=""> Partnered with vendor to manage the in-house advertising program consisting of print and media collateral pieces. </span> </li> <li> <span class=""> Coordinated pre-show and post-show activities at trade shows. </span> </li> <li> <span class=""> Managed marketing campaigns to generate new business and to support partner and sales teams.</span> </li> <li> <span class=""> <span class=""> Ordered marketing collateral for meetings, trade shows and advisors.</span> </span> </li> <li> Improved, administered and modified marketing programs to increase product awareness.</li> <li> Assisted in preparing internal promotional publications, managed marketing material inventory and supervised distribution of publications to ensure high quality product output.</li> <li> Coordinated marketing materials including brochures, promotional materials and products.</li> <li> Partnered with graphic designers to develop appropriate materials and branding for brochures.</li> <li> Used tracking and reporting systems for sales leads and appointments.</li> </ul> </span> </span> </div> </div> <div class="paragraph" id="PARAGRAPH_911808368_4_598533900" itemscope="" itemtype="https://schema.org/Organization" style="padding-top:0px;"> <span class="dates_wrapper"> <span class="jobdates" format="%m/%Y" id="911808368JSTD4"> 09/2009</span> <span>  to </span> <span class="jobdates" format="%m/%Y" id="911808368EDDT4"> 10/2012</span> </span> <div class="singlecolumn"> <span class="paddedline"> <span class="jobtitle" id="911808368JTIT4"> Assistant Head Teller</span> </span> <span class="paddedline" itemscope="" itemtype="https://schema.org/postalAddress"> <span class="companyname" id="911808368COMP4" itemprop="name"> Company Name</span> <span>  Ôºç </span> <span class="joblocation jobcity" id="911808368JCIT4" itemprop="addressLocality"> City</span> <span> , </span> <span class="joblocation jobstate" id="911808368JSTA4" itemprop="addressRegion"> State</span> </span> <span class="paddedline"> <span class="jobline" id="911808368JDES4" itemprop="description"> <ul> <li> <span class=""> Received an internal audit score of <font color="#000" style="color: rgb(0, 0, 0);"> 100</font> %. </span> </li> <li> <span class=""> Performed daily and monthly audits of ATM machines and tellers.</span> </li> <li> <span class=""> <span class=""> Educated customers on a variety of retail products and available credit options.</span> </span> </li> <li> <span class=""> <span class=""> <span class=""> Consistently met or exceeded quarterly sales goals</span> </span> </span> </li> <li> Promoted products and services to\ncustomers while maintaining company brand identity\n\n¬∑\xa0\xa0\xa0\xa0\n</li> <li> Implemented programs to achieve\nand exceed customer and company participation goals\xa0\n\n\xa0</li> <li> Organized company sponsored events on campus resulting in increased\nbrand awareness\n\n¬∑\xa0\xa0\xa0\xa0\n</li> <li> Coached peers on\nthe proper use of programs to improve work flow efficiency</li> <li> Utilized product knowledge to successfully sell\nto and refer clients based on individual needs</li> <li> Promoted marketing the grand opening\nof new branch locations to strengthen company brand affinity\n\n¬∑\xa0\xa0\xa0\xa0 </li> <li> Organized company sponsored events\nresulting in increased brand awareness and improved sales\n\n¬∑\xa0\xa0\xa0\xa0 </li> <li> Coached peers on the proper use of\nprograms to increase work flow efficiency\n\n</li> </ul> </span> </span> </div> </div> <div class="paragraph" id="PARAGRAPH_911808368_5_598599144" itemscope="" itemtype="https://schema.org/Organization" style="padding-top:0px;"> <div class="singlecolumn"> <span class="paddedline"> <span class="jobtitle" id="911808368JTIT5"> Senior Producer - 2014 SHU Media Exchange</span> </span> <span class="paddedline" itemscope="" itemtype="https://schema.org/postalAddress"> <span class="companyname" id="911808368COMP5" itemprop="name"> Company Name</span> <span>  Ôºç </span> <span class="joblocation jobcity" id="911808368JCIT5" itemprop="addressLocality"> City</span> <span> , </span> <span class="joblocation jobstate" id="911808368JSTA5" itemprop="addressRegion"> State</span> </span> <span class="paddedline"> <span class="jobline" id="911808368JDES5" itemprop="description"> <div> <span class=""> Planned and executed event\xa0focusing on Connecticut\'s creative corridor, growth of industry and opportunities that come with development. A\xa0</span> panel of industry professionals addressed topics related to media and hosted a question and answer session for approximately 110 attendees. Following the forum, guests were invited to engage in networking and conversation at a post-event reception.</div> </span> </span> </div> </div> </div> <div class="section" id="SECTION_EDUC911808369" style="padding-top:0px;"> <div class="heading"> <div class="sectiontitle" id="SECTNAME_EDUC911808369"> Education</div> </div> <div class="paragraph firstparagraph" id="PARAGRAPH_911808369_1_598530995" itemscope="" itemtype="https://schema.org/EducationalOrganization" style="padding-top:0px;"> <span class="dates_wrapper"> <span class="jobdates" id="911808369GRYR1"> 2014</span> </span> <div class="singlecolumn"> <span class="paddedline" itemprop="description"> <span class="degree" id="911808369DGRE1" itemprop="name"> Master of Arts</span> <span> : </span> <span class="programline" id="911808369STUY1"> Corporate Communication &amp; Public Relations</span> </span> <span class="paddedline"> <span class="companyname companyname_educ" dependency="SCHO" id="911808369SCHO1" itemprop="name"> Sacred Heart University</span> <span class="statesWrapper">  Ôºç </span> <span class="joblocation jobcity" id="911808369SCIT1"> City</span> <span> , </span> <span class="joblocation jobstate" id="911808369SSTA1"> State</span> <span class="joblocation jobstate" id="911808369SCNT1"> </span> </span> <span class="paddedline"> <span class="field" id="911808369FRFM1"> </span> </span> </div> </div> <div class="paragraph" id="PARAGRAPH_911808369_2_598530996" itemscope="" itemtype="https://schema.org/EducationalOrganization" style="padding-top:0px;"> <span class="dates_wrapper"> <span class="jobdates" id="911808369GRYR2"> 2013</span> </span> <div class="singlecolumn"> <span class="paddedline" itemprop="description"> <span class="degree" id="911808369DGRE2" itemprop="name"> Bachelor of Arts</span> <span> : </span> <span class="programline" id="911808369STUY2"> Relational Communication</span> </span> <span class="paddedline"> <span class="companyname companyname_educ" dependency="SCHO" id="911808369SCHO2" itemprop="name"> Western Connecticut State University</span> <span class="statesWrapper">  Ôºç </span> <span class="joblocation jobcity" id="911808369SCIT2"> City</span> <span> , </span> <span class="joblocation jobstate" id="911808369SSTA2"> State</span> <span class="joblocation jobstate" id="911808369SCNT2"> </span> </span> <span class="paddedline"> <span class="field" id="911808369FRFM2"> </span> </span> </div> </div> </div> <div class="section" id="SECTION_SKLL911808371" style="padding-top:0px;"> <div class="heading"> <div class="sectiontitle" id="SECTNAME_SKLL911808371"> Skills</div> </div> <div class="paragraph firstparagraph" id="PARAGRAPH_911808371_1_598531001" style="padding-top:0px;"> <div class="field singlecolumn" id="911808371FRFM1"> Adobe Photoshop, ADP, Asset Management, branding, brochures, content, Customer Care, Final Cut Pro, graphics, graphic, HR, Illustrator, InDesign, Innovation, inventory, Lotus Notes, marketing, marketing materials, marketing material, materials, Microsoft Office, SharePoint, newsletter, presentations, process improvement, Project Management, promotional materials, publications, Quality, real-time, Recruitment, reporting, RFP, sales, stories, Employee Development, video, web design, website, articles</div> </div> </div> </div>', 'Category': 'HR'}]
[2025-06-07 14:12:30,105] 46 root - INFO - üßπ Null value summary:
ID             0
Resume_str     0
Resume_html    0
Category       0
dtype: int64
[2025-06-07 14:12:30,670] 51 root - INFO - üìÑ Raw data saved.
[2025-06-07 14:12:30,674] 56 root - INFO - üìä Class distribution saved at: artifacts/class_distribution.csv
[2025-06-07 14:12:31,259] 68 root - INFO - üîÄ Train/test split complete.
[2025-06-07 14:12:31,259] 69 root - INFO - ‚úÖ Train shape: (1987, 4) | Test shape: (497, 4)
[2025-06-07 14:12:31,263] 26 root - INFO - ‚úÖ Data Ingestion Complete ‚Üí Train: artifacts/train.csv, Test: artifacts/test.csv
[2025-06-07 14:12:31,263] 29 root - INFO - üßπ Step 2: Data Transformation
[2025-06-07 14:12:31,263] 89 root - INFO - üì¶ Loading training and test data
[2025-06-07 14:17:29,145] 102 root - INFO - ‚ú® Resume text cleaned and lemmatized.
[2025-06-07 14:17:29,415] 106 root - INFO - üß† Engineered features added.
[2025-06-07 14:17:29,416] 111 root - INFO - üéØ Classes encoded: ['ACCOUNTANT', 'ADVOCATE', 'AGRICULTURE', 'APPAREL', 'ARTS', 'AUTOMOBILE', 'AVIATION', 'BANKING', 'BPO', 'BUSINESS-DEVELOPMENT', 'CHEF', 'CONSTRUCTION', 'CONSULTANT', 'DESIGNER', 'DIGITAL-MEDIA', 'ENGINEERING', 'FINANCE', 'FITNESS', 'HEALTHCARE', 'HR', 'INFORMATION-TECHNOLOGY', 'PUBLIC-RELATIONS', 'SALES', 'TEACHER']
[2025-06-07 14:17:39,956] 116 root - INFO - ‚öñÔ∏è Preprocessing pipeline executed.
[2025-06-07 14:17:39,957] 9 root - ERROR - ‚ùå Error in [/Users/rkuma07/Desktop/Resume_Filtering/src/utils.py] at line [29]: ‚ùå Error saving object at artifacts/preprocessor.pkl: Can't get local object 'DataTransformation.get_preprocessing_pipeline.<locals>.bert_embedder'
[2025-06-07 14:17:39,957] 9 root - ERROR - ‚ùå Error in [/Users/rkuma07/Desktop/Resume_Filtering/src/components/data_transformation.py] at line [118]: ‚ùå Error in [/Users/rkuma07/Desktop/Resume_Filtering/src/utils.py] at line [29]: ‚ùå Error saving object at artifacts/preprocessor.pkl: Can't get local object 'DataTransformation.get_preprocessing_pipeline.<locals>.bert_embedder'
[2025-06-07 14:17:39,957] 50 root - ERROR - ‚ùå Exception occurred during pipeline execution
Traceback (most recent call last):
  File "/Users/rkuma07/Desktop/Resume_Filtering/src/utils.py", line 29, in save_object
    pickle.dump(obj, file_obj)
    ~~~~~~~~~~~^^^^^^^^^^^^^^^
AttributeError: Can't get local object 'DataTransformation.get_preprocessing_pipeline.<locals>.bert_embedder'

During handling of the above exception, another exception occurred:

Traceback (most recent call last):
  File "/Users/rkuma07/Desktop/Resume_Filtering/src/components/data_transformation.py", line 118, in initiate_data_transformation
    save_object(self.config.preprocessor_obj_file_path, preprocessor)
    ~~~~~~~~~~~^^^^^^^^^^^^^^^^^^^^^^^^^^^^^^^^^^^^^^^^^^^^^^^^^^^^^^
  File "/Users/rkuma07/Desktop/Resume_Filtering/src/utils.py", line 34, in save_object
    raise CustomException(f"‚ùå Error saving object at {file_path}: {e}", sys)
src.exception.CustomException: ‚ùå Error in [/Users/rkuma07/Desktop/Resume_Filtering/src/utils.py] at line [29]: ‚ùå Error saving object at artifacts/preprocessor.pkl: Can't get local object 'DataTransformation.get_preprocessing_pipeline.<locals>.bert_embedder'

During handling of the above exception, another exception occurred:

Traceback (most recent call last):
  File "/Users/rkuma07/Desktop/Resume_Filtering/main.py", line 31, in main
    X_train, X_test, y_train, y_test, preprocessor_path, label_encoder_path = transformer.initiate_data_transformation(
                                                                              ~~~~~~~~~~~~~~~~~~~~~~~~~~~~~~~~~~~~~~~~^
        train_path, test_path
        ^^^^^^^^^^^^^^^^^^^^^
    )
    ^
  File "/Users/rkuma07/Desktop/Resume_Filtering/src/components/data_transformation.py", line 126, in initiate_data_transformation
    raise CustomException(e, sys)
src.exception.CustomException: ‚ùå Error in [/Users/rkuma07/Desktop/Resume_Filtering/src/components/data_transformation.py] at line [118]: ‚ùå Error in [/Users/rkuma07/Desktop/Resume_Filtering/src/utils.py] at line [29]: ‚ùå Error saving object at artifacts/preprocessor.pkl: Can't get local object 'DataTransformation.get_preprocessing_pipeline.<locals>.bert_embedder'
[2025-06-07 14:17:39,961] 9 root - ERROR - ‚ùå Error in [/Users/rkuma07/Desktop/Resume_Filtering/main.py] at line [31]: ‚ùå Error in [/Users/rkuma07/Desktop/Resume_Filtering/src/components/data_transformation.py] at line [118]: ‚ùå Error in [/Users/rkuma07/Desktop/Resume_Filtering/src/utils.py] at line [29]: ‚ùå Error saving object at artifacts/preprocessor.pkl: Can't get local object 'DataTransformation.get_preprocessing_pipeline.<locals>.bert_embedder'
[2025-06-07 14:17:39,961] 55 root - INFO - ‚è±Ô∏è Total runtime: 310.32 seconds
